[34mSummary report:
[0m80 tests performed
[32m80 / 80 output statuses matched.
[0m[32m80 / 80 command outputs matched.
[0m[32m0 / 80 tests timed out.
[0m[34mMarks report
[0m80 / 80 marked tests passed.
Public test mark: 1.00 / 1 mark (20.0% of the 5 marks for this assignment).

Finished after 4.82 seconds.
